// Jest Snapshot v1, https://goo.gl/fbAQLP

exports[`CreateCustomGoal renders 1`] = `
<View
  style={
    Object {
      "alignItems": "center",
      "alignSelf": "stretch",
      "flex": 1,
      "justifyContent": "center",
      "marginTop": 20,
    }
  }
>
  <Text
    style={
      Object {
        "fontSize": 35,
      }
    }
  >
    Create A Custom Goal
  </Text>
  <TextInput
    allowFontScaling={true}
    onChangeText={[Function]}
    placeholder="title"
    style={
      Object {
        "borderColor": "gray",
        "borderWidth": 1,
        "height": 40,
      }
    }
    underlineColorAndroid="transparent"
  />
  <TextInput
    allowFontScaling={true}
    onChangeText={[Function]}
    placeholder="start date"
    style={
      Object {
        "borderColor": "gray",
        "borderWidth": 1,
        "height": 40,
      }
    }
    underlineColorAndroid="transparent"
  />
  <TextInput
    allowFontScaling={true}
    onChangeText={[Function]}
    placeholder="end date"
    style={
      Object {
        "borderColor": "gray",
        "borderWidth": 1,
        "height": 40,
      }
    }
    underlineColorAndroid="transparent"
  />
  <TextInput
    allowFontScaling={true}
    onChangeText={[Function]}
    placeholder="amount"
    style={
      Object {
        "borderColor": "gray",
        "borderWidth": 1,
        "height": 40,
      }
    }
    underlineColorAndroid="transparent"
  />
  <TextInput
    allowFontScaling={true}
    onChangeText={[Function]}
    placeholder="unit"
    style={
      Object {
        "borderColor": "gray",
        "borderWidth": 1,
        "height": 40,
      }
    }
    underlineColorAndroid="transparent"
  />
  <View
    style={
      Object {
        "margin": 30,
      }
    }
  >
    <View
      accessibilityRole="button"
      accessibilityStates={Array []}
      accessible={true}
      isTVSelectable={true}
      onResponderGrant={[Function]}
      onResponderMove={[Function]}
      onResponderRelease={[Function]}
      onResponderTerminate={[Function]}
      onResponderTerminationRequest={[Function]}
      onStartShouldSetResponder={[Function]}
      style={
        Object {
          "opacity": 1,
        }
      }
    >
      <View
        style={
          Array [
            Object {},
          ]
        }
      >
        <Text
          style={
            Array [
              Object {
                "color": "#007AFF",
                "fontSize": 18,
                "padding": 8,
                "textAlign": "center",
              },
            ]
          }
        >
          Add Custom Goal
        </Text>
      </View>
    </View>
  </View>
</View>
`;
