// Jest Snapshot v1, https://goo.gl/fbAQLP

exports[`GoalListItem renders 1`] = `
<View
  style={
    Object {
      "alignItems": "center",
      "borderRadius": 2,
      "flex": 1,
      "justifyContent": "center",
      "padding": 10,
    }
  }
>
  <Text
    style={
      Object {
        "fontSize": 20,
      }
    }
  >
    Goal Item 2
  </Text>
  <Text
    style={
      Object {
        "fontSize": 20,
      }
    }
  >
    Start:
    1-10-2001
     End:
    1-15-2001
  </Text>
  <Text
    style={
      Object {
        "fontSize": 20,
      }
    }
  >
    Progress: 
    2.5
     
    miles
     out of 
    10
     
    miles
  </Text>
  <Text
    style={
      Object {
        "fontSize": 20,
      }
    }
  >
    7.5
     
    miles
     to go!
  </Text>
</View>
`;
